// Jest Snapshot v1, https://goo.gl/fbAQLP

exports[`kosko generate --prod 1`] = `
"---
apiVersion: apps/v1
kind: Deployment
metadata:
  annotations:
    kapp.k14s.io/disable-default-ownership-label-rules: ''
    kapp.k14s.io/disable-default-label-scoping-rules: ''
    app.github.com/job: '5678'
    app.github.com/ref: refs/tags/v1.2.3
    app.github.com/repo: socialgouv/tumeplay
    app.github.com/run: '1234'
    app.github.com/sha: '0123456'
  labels:
    app: backend
    application: tumeplay
    owner: tumeplay
    team: tumeplay
  name: backend
  namespace: tumeplay
spec:
  replicas: 1
  selector:
    matchLabels:
      app: backend
  template:
    metadata:
      annotations:
        kapp.k14s.io/disable-default-ownership-label-rules: ''
        kapp.k14s.io/disable-default-label-scoping-rules: ''
        app.github.com/job: '5678'
        app.github.com/ref: refs/tags/v1.2.3
        app.github.com/repo: socialgouv/tumeplay
        app.github.com/run: '1234'
        app.github.com/sha: '0123456'
      labels:
        app: backend
        application: tumeplay
        owner: tumeplay
        team: tumeplay
    spec:
      containers:
        - image: ghcr.io/socialgouv/tumeplay/backend:1.2.3
          livenessProbe:
            httpGet:
              path: /_health
              port: http
            initialDelaySeconds: 30
          name: backend
          ports:
            - containerPort: 1337
              name: http
          readinessProbe:
            httpGet:
              path: /_health
              port: http
            initialDelaySeconds: 30
          resources:
            requests:
              cpu: 300m
              memory: 256Mi
            limits:
              cpu: '1'
              memory: 1Gi
          startupProbe:
            httpGet:
              path: /_health
              port: http
            initialDelaySeconds: 30
          volumeMounts:
            - mountPath: /app/public/uploads
              name: uploads
          envFrom:
            - secretRef:
                name: azure-pg-user
            - secretRef:
                name: backend-sealed-secret
            - configMapRef:
                name: backend-configmap
          env:
            - name: DATABASE_CLIENT
              value: postgres
            - name: DATABASE_NAME
              value: $(PGDATABASE)
            - name: DATABASE_HOST
              value: $(PGHOST)
            - name: DATABASE_PORT
              value: $(PGPORT)
            - name: DATABASE_USERNAME
              value: $(PGUSER)
            - name: DATABASE_PASSWORD
              value: $(PGPASSWORD)
            - name: DATABASE_SSL
              value: 'true'
      volumes:
        - persistentVolumeClaim:
            claimName: uploads
          name: uploads
      initContainers:
        - env:
            - name: WAIT_FOR_RETRIES
              value: '24'
          envFrom:
            - secretRef:
                name: azure-pg-user
          image: ghcr.io/socialgouv/docker/wait-for-postgres:6.38.3
          imagePullPolicy: Always
          name: wait-for-postgres
          resources:
            limits:
              cpu: 20m
              memory: 32Mi
            requests:
              cpu: 5m
              memory: 16Mi
---
apiVersion: bitnami.com/v1alpha1
kind: SealedSecret
metadata:
  annotations:
    kapp.k14s.io/disable-default-ownership-label-rules: ''
    kapp.k14s.io/disable-default-label-scoping-rules: ''
    app.github.com/job: '5678'
    app.github.com/ref: refs/tags/v1.2.3
    app.github.com/repo: socialgouv/tumeplay
    app.github.com/run: '1234'
    app.github.com/sha: '0123456'
  name: backend-sealed-secret
  namespace: tumeplay
  labels:
    application: tumeplay
    owner: tumeplay
    team: tumeplay
spec:
  encryptedData:
    MONDIALRELAY_ID: >-
      AgBMj9CdbIvrLfGAs5QxwrOHKp2PawBNV4lHZeXBlnBq+PErY6QzsYvM2geQIH1asTt+N0a+OZQrF3UOiKWNDH07FdFIMgrSxHlvuGTCruILVo9v6GrmFBdlmAe5bSDEmkgkKaxB7md5dm01E56ggS1Thz3QnPkdLVvLFlUBeC9HRgRFYtui2PIrCRGM1KCkT+9ZeU7sy4dFgS4WWXLCoKc71x3zaRzkONCugcF1Mzn4xofZ3B61KsaQXOSPQgbelabRxPgbB3artUQUv+hW6VrfMaVKtp+02Fxml6bX+TZl0yK/H+EkUKtaScCx5IR72iL/4vrXrW6vBF3acn6bctnK7xfMc/8zgAfzAZuVxmgVQyAFZCBG11Uug+1oPV3sn+n7S3ELJOddQ1HIgxlDDyaBCKEzeyrzp+t0iCU46haq9KlRQnBGKpSnEsV5tfbJlg1cj+GCq9R4lwp39Cu/Xcym1LkSfIsCaR55F1/X5g2VntpADJVp2zL8PGtanGdSsEEWZO9iFf+RmI/JmMK7Et/SflF+gaxPcd/2UYeUk98i+CAs4xhvn3ZTkVesQv+5JjfPyIrXWbANJLXAZWZs0TBcNrw7qmAivCZywCe6dQIuUsLOmrAlCHzBbEVl2DQUQ81dTGiGI09WHhdWl08yvsB1mYodhQPj7zYd74FoW3Kc6yPQzNECzR+DFk0w0B5nCb9antyS9fEDOg==
    MONDIALRELAY_SECRET: >-
      AgB6sKDgkonPNnlkopmsbJsAHktotiOPA5adziwujfcAg1I6EZumI04jp/yqH7OlWwsqe1HkLmCgMG6No/eoxkwgfsCtVMHODCtt3UPt0YQn9zM9xpkW2gVNqyO1ET/Xyi/3e8HFvBX6glSIF6uGNZU7v0V558eTSCHSSu3jsiriVrREKR9x2Kc4sOs83bKisoIlMTequk7+BKdsQ2U0UbgAtjp9ekUSI3wfWwIxI4sX/ekJgVu27KY1BwdDf32wkKpn46h4oEzGTVjO0gJHcXIuJWueKhFZp5EgbpD6D8lG63ygXJicV1pTELa0wcdkA79f9HFXP3rjbg1Jk+7Eu2VVKnzytM0IPxMV+GeXn0/M53l+MITROKDfl4opKNLcon3IpifSrK6f1rs0YoITVpVB6qlAmoMSHxcXQMeUIU6v5RF668VC6Kp1A3BPMYDrEmKEMYM1UYxYFuDTd4FxYtKqHCA61Dg3WFAhwdxm9Wr1Xvk4+UXVXldB3JGypLCW5VsWHvnlpG8KGlF9sDkVo2cPmrajmRyPKztkbc15UgK2bvQuAYq95fN9uHh8UwA0uEjtOhRcAA3CYGppttXrmy5kqmvYIeorR9Btt5lzDJvZRa9CITbXOqNKfjIEXs6/APHofDrM2NwjAMqpG+BfW9GUs2rTPzxS52P9j7LLphYYXghXXMXh6E+pYvMIn3VNf7N3nF/yPcdoKg==
    EMAIL_PROVIDER_PASSWORD: >-
      AgBjnxfFg2iNSekZSm62TohCHr0NjflPmanAIxrUe3C/FEyqPuh6+18RBm6ElfeCzxVG5AKyRONFaJvh48xO7OQ0EfR9dUGsL3r4GSmky/EajeQgQr+9prKWGLfdZLdhPui5HkU7wKSe5/2xXtDBeUNzmUAB+K+7o2t9Mtpz88pI14Qxa/ngXUVA2z9wM2kl6xaaHN46FiG6cKbCAFHRva3OJ9mTY2lNDQt8Yu9x4B/CfwbbZQH0KZOG9w0V/XpffTYCYWpajsPBxjesHN8HOuvCZ41pVGzUiLnQrEoKgiZFY0KrVhk4YfcwEaxnMwHadue3F4LJv6tPeYP+UPErXWSwp0hmrNMuc5ot8J9oQZPP02IkwEbQXkKYnwYYvfW/sUtTxqJrPkm751/FBasgrXO8c3PicYvZMSSKFcgYuYdv37Hsh49qOR6bMO+cxPsZSM84zsfeqwwBqhk05P5CZROL/3sQDx3/UX76fXz9T8KwcYj9P5c4iNiO/gxiRxTQFuFyr0GTkdl5J9Lqh5pyC3U9/EMn/spU3V2nF/JD0BbiByoz4M7HBgasVLZ32WauticPVazk0SKkRS2oA2rpWtGpzEgGxE4XpdW9tYUgwsYFYMzfAY7r3joWC4UL+jSFM7k9JbFSUmYNoqa27PON6AdX8hvwW6pl903C6JKadc7Gmsfsf6khjWy5QDSI+D9M72nT4s0D+e45wWf6jh48M+7mQJUO7rQ1tQhJV4aFxZw3Jsc=
    STRAPI_LICENSE: >-
      AgB5F+Ux84TMSbHTkSN/gd77YDvKNx3SDsXCfLGzPzdbD/AGihMrywXnnKhBkR+QklWd8o4bQr+K2AVZh1AntAc+1DouW9bUDm4QIq/4SPjftqhee2YRadtBfgBXe+qBWdKk0fqwgG9mr/Z1o6PqYsjmLgYqejU2Jjg7OAdlYAvvi06+0wOpFE44oaUOnf3cNCnZpJVjsPOSAq8xPA1cV2ShdJN4ScmxBeodd5FXu27IPa+1za+cjsXzGd1G06TnsiXL/A3dbBn+aUOM46A+/vTkC4qEkRwG1WLdaU9LoJdS95Bbx2H4uREb4A85Rols7fSQnstjn0jdhGaevD4H+dFXbvIEvRoXRKRYS1kbaiXjXDzykZhU0mkbPUk0tshTg/UFIancvwMN2NBWCbb8MIuOFz3AireMVEjp/W2wmeG0ryqCry/DWRXplYjKe1eqb9DbieX4A8PPPV4Z2Ty77YubKPaCx0OGj1Jhoyx1giXzFkCU9sXU0RSi5wnzkHKqsBMgj5K8cewXuO4+kjQUiN4xma1eCXPrycFnoWjAii/Qmt2j0MEgP047xXEHpAuuoM7GhqFxsLzqD3LTfWgpxlK9Ze6LVSBtDATtGp0PcCytfF2fmyvwo+At91+SLTfG7rsS182jw6ECKrLZmXDyqikSaqMd28n2Wbj0BGAB0DsSnWDBCbA3nQJeVKk/Pj8KwIoHz5GYOBe08xPcIR+xDLHBZPtlYnCxAalhqABri/DvBGwX+NGxROPjqjLF24BRa1/hhSyhIFD/Mj9CC9jCEi/LFu+/S5N/T8ILHIcmEbxrj8RO1nop/DVfMlPdJPh8exGKFxo2AbEN1hI4e+pXaAsdXmdYPBswZfs3rYNq4heeXDWduuEAD9RwFZ7yBQkgzT5jgdLIhwn6oJcXppL+1KkPYY2Rp+QXXqUrfIvr+YBAz8gKUO+r3RRvOlVM3upHsWVWsxcn+6Y9bX/5s0I++0kiING4Xex+a+P62hgtt/F7p0vudhLAO6vUHb0ZAXRFLQ90MH1KlwTyyxdqogdi9rgBqeK1bGTO46WTokKx14jf59j6UiDisFReeWzlw9Dus4SbgsDNFJnmEF1VdbaC3LvRsdVtJYcr3/LYD7Zmrvs5zSP5i+VAo92iYSyIHAKEP9JJi32VJnCK90pTTLN8hqvbMeAh8Zj23zQP8iTPNPJmhsEvOadmr17j171wo22QyA1sO8E/v0nHL7GZpE7oUaaHcrlblo6A++Q1VhbJAGgRlm+++WpqD5j8Vvm2AvOGxIW67tzu+vCqidUm/WDV2nR4IJqNpetp95i7/XNLNe72Dy8M/yDdPKBIcEq7aWozhpSou4XVbkotlBnajYyYioRSqwdXiJZU7fH4BR3O4YMXVV5mU8glcQ06+cF7wF9k2c3cwliw0KipDiU0AsQW/ppzcx6cdTYv94tY+KLs4R5KB3j166kodjdDHy+O/wC/oiwHFwARz47pqWweOC40Sfb6wow9bBOw/SzmuKA2OGlH+/l8dmKlMuElYJw9ISMN1niA7MPkVLA3rnueQB/CLfzYe73hQYDGw9z+CKTYeLUOOjLwzo47Gp1XhecQOaoQPNU2cEBd2AT0aP0z42a81VVrgSAbyOaueOGrqb02SlxK+JNvmsunMydAOHF/rbD/VcMYCg0sgdeiGLRiLjq2Jlv9/dvdS/AIXqDd5Su/OFGeHGegNY8zRKmgaCTGwA==
  template:
    metadata:
      annotations:
        kapp.k14s.io/disable-default-ownership-label-rules: ''
        kapp.k14s.io/disable-default-label-scoping-rules: ''
        app.github.com/job: '5678'
        app.github.com/ref: refs/tags/v1.2.3
        app.github.com/repo: socialgouv/tumeplay
        app.github.com/run: '1234'
        app.github.com/sha: '0123456'
      name: backend-sealed-secret
      labels:
        application: tumeplay
        owner: tumeplay
        team: tumeplay
    type: Opaque
---
apiVersion: v1
kind: ConfigMap
metadata:
  name: backend-configmap
  annotations:
    kapp.k14s.io/disable-default-ownership-label-rules: ''
    kapp.k14s.io/disable-default-label-scoping-rules: ''
    app.github.com/job: '5678'
    app.github.com/ref: refs/tags/v1.2.3
    app.github.com/repo: socialgouv/tumeplay
    app.github.com/run: '1234'
    app.github.com/sha: '0123456'
  labels:
    application: tumeplay
    owner: tumeplay
    team: tumeplay
  namespace: tumeplay
data:
  CRON_ENABLE: 'true'
  URL: https://backend-tumeplay.fabrique.social.gouv.fr
  DOMAIN_API: https://backend-tumeplay.fabrique.social.gouv.fr/
  EMAIL_PROVIDER_HOST: pro2.mail.ovh.net
  EMAIL_PROVIDER_PORT: '587'
  EMAIL_PROVIDER_SECURE: 'false'
  EMAIL_PROVIDER_USERNAME: contact.tumeplay@fabrique.social.gouv.fr
  EMAIL_PROVIDER_TLS: 'false'
  EMAIL_PROVIDER_FROM: Tumeplay <contact.tumeplay@fabrique.social.gouv.fr>
  EMAIL_PROVIDER_REPLY_TO: contact.tumeplay@fabrique.social.gouv.fr
  EMAIL_CONFIG_ADMIN: contact.tumeplay@fabrique.social.gouv.fr
  EMAIL_CONFIG_CAT: esat.benext@gmail.com
---
apiVersion: v1
kind: Service
metadata:
  labels:
    app: backend
    application: tumeplay
    owner: tumeplay
    team: tumeplay
  name: backend
  annotations:
    kapp.k14s.io/disable-default-ownership-label-rules: ''
    kapp.k14s.io/disable-default-label-scoping-rules: ''
    app.github.com/job: '5678'
    app.github.com/ref: refs/tags/v1.2.3
    app.github.com/repo: socialgouv/tumeplay
    app.github.com/run: '1234'
    app.github.com/sha: '0123456'
  namespace: tumeplay
spec:
  ports:
    - name: http
      port: 80
      targetPort: 1337
  selector:
    app: backend
  type: ClusterIP
---
apiVersion: networking.k8s.io/v1
kind: Ingress
metadata:
  annotations:
    kubernetes.io/ingress.class: nginx
    certmanager.k8s.io/cluster-issuer: letsencrypt-prod
    kubernetes.io/tls-acme: 'true'
    kapp.k14s.io/disable-default-ownership-label-rules: ''
    kapp.k14s.io/disable-default-label-scoping-rules: ''
    app.github.com/job: '5678'
    app.github.com/ref: refs/tags/v1.2.3
    app.github.com/repo: socialgouv/tumeplay
    app.github.com/run: '1234'
    app.github.com/sha: '0123456'
  labels:
    app: backend
    application: tumeplay
    owner: tumeplay
    team: tumeplay
  name: backend
  namespace: tumeplay
spec:
  rules:
    - host: backend-tumeplay.fabrique.social.gouv.fr
      http:
        paths:
          - backend:
              service:
                name: backend
                port:
                  name: http
            path: /
            pathType: Prefix
  tls:
    - hosts:
        - backend-tumeplay.fabrique.social.gouv.fr
      secretName: backend-crt
---
apiVersion: bitnami.com/v1alpha1
kind: SealedSecret
metadata:
  annotations: {}
  name: azure-tumeplay-volume
  namespace: tumeplay
spec:
  encryptedData:
    azurestorageaccountkey: >-
      AgBCZ94S0NBkf4kpOzdv/okfFIislG2ZWF9L00kRySBfk8x69PkfIBSvfmVjQlCNCVdQTkd457GBIBONkT58vXPL/QHqhwF+lQJZiu0K9i4KCciVasiWg/WHAa98kZmAU3HXVaN0Lasat2Po+WYvh0IXBWMzEcBOWAZ//HgFPNmqtelfHH0WK8pliypT6BDbewmmP+9+5ZINO1i21H0MBd0tFPc/gJJ3QlbjcWcQOvmhnwgjA44huJnJhXXrphEDf5Qt9Vf0ZuqtpsFZy2AwSJiFAt/49BBHgXymdeWpOKF14lBAWsemIVFm+OEJhk3hR1r+fV/u+KHTD5E7bzXQyKYBWv4LGYkghvXYQsvfszBLCr+fzln8dci5PorymPOPY20mttia72rpTdPLpAlRaybIGExuJ5fIRuEqUjC5qEkmsuMjaH6NRxaG2zxVxrVjn1o1E18k6KCqVdlR8qSvzwwcgeLX1IDDKAjGxhALQY+G/9X5kdurVV7cgq5gk6yZOf/fKohBBFJEWzqEtEQhr5XvueQVN+8dRZgJVWSkny6V1d6Q1Yn7N+zOg1eRfsQFaWEzJj2WDd9iciOTfqtDLMwBM0PV3OzUcbmYQdJ24sr5lHsJivNc7ASL/3rSMNySUrh3RERsE6/BZG//XEYt6HD4AIH5XJjqL2fo5/XdcYXFjBBz21JnGMJDYNsy/OEArqoaJowPPuZgJpQisBR2xvcGOhY04wQJS7XBLOZr97PjygTHAtv8ZCQVZap/tOeFFVQ56tBu2utpS8aiipiyzlpdCZ3SMRsAwqJ+19/MdtItfeVMs7Jz0dg2
    azurestorageaccountname: >-
      AgBFQmJrPMSqXhokDwG7DUYxCAwxSQqdDkpJUBqoHynE4Bm7J22lmFjPLG5dnenavw/GUwhobCU2Gi6bjfohRDJZzLC4Gmhv5qWCVEfm1evUHm36Li47vbAFYmsua6v/50eqbuzzquowiyLCsh84XtUQHRu5LsYkFvRZb28XTACU/oRgelIatrmh3DwqWXV+LPbakQRPAoBEKU2uUbenyjiSTivokF5sBrHpNPgW12y2pgKfhp+gwpL/pI4YTt4ql0VK9OiLo16IhV04/pAjovNLAWoQeLOa4TM1rTa7SYlKkBNgtn1szoQJNu8hoeXqLmpoEeOyFzWhKjAm/e6ZNW9z0dD2j0oZb9k6QtVMStcLBDmPEbG66GghLlaaLWInk80onvJzmPYS0tqkmu2M/j/8XXSDGu5wFr+EjoWqoQZ34EwSytmWvk8UbebJYYaW1jJ3ASOj2lXur9tLk39f8kvoDjQa6rGsPfMZLS9u2EHWPx65D8p/vUPHwCrgrtyOFm99R7GnhHQNm/9nkodJEKVoc+0g0W/86/RpNFH+h31/Va0XASAz0USBXCO7njhLfngdxWRP7ag3voNNdQ/gvy2Ij+zvn8MkZPb0XT1XTKiJSZGb0gGWUrz8MQE3KWl4ow4E2mJRyWefGevMrEQjo1sCdBJzn3uEn8G5bBxIn18HWhit7PEAYptNqYu64S6YOUwu5T9N9iMtuuRE5cQ=
  template:
    metadata:
      annotations: {}
      name: azure-tumeplay-volume
      namespace: tumeplay
    type: Opaque
---
apiVersion: v1
kind: PersistentVolumeClaim
metadata:
  name: uploads
  annotations:
    app.github.com/job: '5678'
    app.github.com/ref: refs/tags/v1.2.3
    app.github.com/repo: socialgouv/tumeplay
    app.github.com/run: '1234'
    app.github.com/sha: '0123456'
  labels:
    application: tumeplay
    owner: tumeplay
    team: tumeplay
  namespace: tumeplay
spec:
  accessModes:
    - ReadWriteMany
  resources:
    requests:
      storage: 5Gi
  selector:
    matchLabels:
      usage: tumeplay-uploads
  storageClassName: ''
---
apiVersion: v1
kind: PersistentVolume
metadata:
  labels:
    usage: tumeplay-uploads
    application: tumeplay
    owner: tumeplay
    team: tumeplay
  name: tumeplay-uploads
  annotations:
    app.github.com/job: '5678'
    app.github.com/ref: refs/tags/v1.2.3
    app.github.com/repo: socialgouv/tumeplay
    app.github.com/run: '1234'
    app.github.com/sha: '0123456'
  namespace: tumeplay
spec:
  accessModes:
    - ReadWriteMany
  azureFile:
    secretName: azure-tumeplay-volume
    secretNamespace: tumeplay
    shareName: uploads
  capacity:
    storage: 5Gi
  persistentVolumeReclaimPolicy: Delete
  storageClassName: ''
---
apiVersion: apps/v1
kind: Deployment
metadata:
  annotations:
    kapp.k14s.io/disable-default-ownership-label-rules: ''
    kapp.k14s.io/disable-default-label-scoping-rules: ''
    app.github.com/job: '5678'
    app.github.com/ref: refs/tags/v1.2.3
    app.github.com/repo: socialgouv/tumeplay
    app.github.com/run: '1234'
    app.github.com/sha: '0123456'
  labels:
    app: dashboard
    application: tumeplay
    owner: tumeplay
    team: tumeplay
    component: nginx
  name: dashboard
  namespace: tumeplay
spec:
  replicas: 1
  selector:
    matchLabels:
      app: dashboard
  template:
    metadata:
      annotations:
        kapp.k14s.io/disable-default-ownership-label-rules: ''
        kapp.k14s.io/disable-default-label-scoping-rules: ''
        app.github.com/job: '5678'
        app.github.com/ref: refs/tags/v1.2.3
        app.github.com/repo: socialgouv/tumeplay
        app.github.com/run: '1234'
        app.github.com/sha: '0123456'
      labels:
        app: dashboard
        application: tumeplay
        owner: tumeplay
        team: tumeplay
        component: nginx
    spec:
      containers:
        - image: ghcr.io/socialgouv/tumeplay/dashboard:v1.2.3
          livenessProbe:
            failureThreshold: 6
            httpGet:
              path: /index.html
              port: http
            initialDelaySeconds: 30
            periodSeconds: 5
            timeoutSeconds: 5
          name: dashboard
          ports:
            - containerPort: 80
              name: http
          readinessProbe:
            failureThreshold: 15
            httpGet:
              path: /index.html
              port: http
            initialDelaySeconds: 0
            periodSeconds: 5
            successThreshold: 1
            timeoutSeconds: 1
          resources:
            limits:
              cpu: 500m
              memory: 128Mi
            requests:
              cpu: 5m
              memory: 32Mi
          startupProbe:
            failureThreshold: 12
            httpGet:
              path: /index.html
              port: http
            periodSeconds: 5
          env:
            - name: REACT_APP_API_URL
              value: https://backend-tumeplay.fabrique.social.gouv.fr
---
apiVersion: v1
kind: Service
metadata:
  labels:
    app: dashboard
    application: tumeplay
    owner: tumeplay
    team: tumeplay
  name: dashboard
  annotations:
    kapp.k14s.io/disable-default-ownership-label-rules: ''
    kapp.k14s.io/disable-default-label-scoping-rules: ''
    app.github.com/job: '5678'
    app.github.com/ref: refs/tags/v1.2.3
    app.github.com/repo: socialgouv/tumeplay
    app.github.com/run: '1234'
    app.github.com/sha: '0123456'
  namespace: tumeplay
spec:
  ports:
    - name: http
      port: 80
      targetPort: 80
  selector:
    app: dashboard
  type: ClusterIP
---
apiVersion: networking.k8s.io/v1
kind: Ingress
metadata:
  annotations:
    kubernetes.io/ingress.class: nginx
    certmanager.k8s.io/cluster-issuer: letsencrypt-prod
    kubernetes.io/tls-acme: 'true'
    kapp.k14s.io/disable-default-ownership-label-rules: ''
    kapp.k14s.io/disable-default-label-scoping-rules: ''
    app.github.com/job: '5678'
    app.github.com/ref: refs/tags/v1.2.3
    app.github.com/repo: socialgouv/tumeplay
    app.github.com/run: '1234'
    app.github.com/sha: '0123456'
  labels:
    app: dashboard
    application: tumeplay
    owner: tumeplay
    team: tumeplay
  name: dashboard
  namespace: tumeplay
spec:
  rules:
    - host: bo-tumeplay.fabrique.social.gouv.fr
      http:
        paths:
          - backend:
              service:
                name: dashboard
                port:
                  name: http
            path: /
            pathType: Prefix
  tls:
    - hosts:
        - bo-tumeplay.fabrique.social.gouv.fr
      secretName: dashboard-crt
---
apiVersion: apps/v1
kind: Deployment
metadata:
  annotations:
    kapp.k14s.io/disable-default-ownership-label-rules: ''
    kapp.k14s.io/disable-default-label-scoping-rules: ''
    app.github.com/job: '5678'
    app.github.com/ref: refs/tags/v1.2.3
    app.github.com/repo: socialgouv/tumeplay
    app.github.com/run: '1234'
    app.github.com/sha: '0123456'
  labels:
    app: guyane
    application: tumeplay
    owner: tumeplay
    team: tumeplay
    component: nginx
  name: guyane
  namespace: tumeplay
spec:
  replicas: 1
  selector:
    matchLabels:
      app: guyane
  template:
    metadata:
      annotations:
        kapp.k14s.io/disable-default-ownership-label-rules: ''
        kapp.k14s.io/disable-default-label-scoping-rules: ''
        app.github.com/job: '5678'
        app.github.com/ref: refs/tags/v1.2.3
        app.github.com/repo: socialgouv/tumeplay
        app.github.com/run: '1234'
        app.github.com/sha: '0123456'
      labels:
        app: guyane
        application: tumeplay
        owner: tumeplay
        team: tumeplay
        component: nginx
    spec:
      containers:
        - image: ghcr.io/socialgouv/tumeplay/frontend-guyane:1.2.3
          livenessProbe:
            failureThreshold: 6
            httpGet:
              path: /index.html
              port: http
            initialDelaySeconds: 30
            periodSeconds: 5
            timeoutSeconds: 5
          name: guyane
          ports:
            - containerPort: 80
              name: http
          readinessProbe:
            failureThreshold: 15
            httpGet:
              path: /index.html
              port: http
            initialDelaySeconds: 0
            periodSeconds: 5
            successThreshold: 1
            timeoutSeconds: 1
          resources:
            limits:
              cpu: 500m
              memory: 128Mi
            requests:
              cpu: 5m
              memory: 32Mi
          startupProbe:
            failureThreshold: 12
            httpGet:
              path: /index.html
              port: http
            periodSeconds: 5
          env:
            - name: REACT_APP_API_URL
              value: https://backend-tumeplay.fabrique.social.gouv.fr
            - name: REACT_APP_ZONE
              value: guyane
            - name: REACT_APP_OTHER_ZONE_URL
              value: https://metropole-tumeplay.fabrique.social.gouv.fr
            - name: REACT_APP_MATOMO_ID
              value: '45'
---
apiVersion: v1
kind: Service
metadata:
  labels:
    app: guyane
    application: tumeplay
    owner: tumeplay
    team: tumeplay
  name: guyane
  annotations:
    kapp.k14s.io/disable-default-ownership-label-rules: ''
    kapp.k14s.io/disable-default-label-scoping-rules: ''
    app.github.com/job: '5678'
    app.github.com/ref: refs/tags/v1.2.3
    app.github.com/repo: socialgouv/tumeplay
    app.github.com/run: '1234'
    app.github.com/sha: '0123456'
  namespace: tumeplay
spec:
  ports:
    - name: http
      port: 80
      targetPort: 80
  selector:
    app: guyane
  type: ClusterIP
---
apiVersion: networking.k8s.io/v1
kind: Ingress
metadata:
  annotations:
    kubernetes.io/ingress.class: nginx
    certmanager.k8s.io/cluster-issuer: letsencrypt-prod
    kubernetes.io/tls-acme: 'true'
    kapp.k14s.io/disable-default-ownership-label-rules: ''
    kapp.k14s.io/disable-default-label-scoping-rules: ''
    app.github.com/job: '5678'
    app.github.com/ref: refs/tags/v1.2.3
    app.github.com/repo: socialgouv/tumeplay
    app.github.com/run: '1234'
    app.github.com/sha: '0123456'
  labels:
    app: guyane
    application: tumeplay
    owner: tumeplay
    team: tumeplay
  name: guyane
  namespace: tumeplay
spec:
  rules:
    - host: guyane-tumeplay.fabrique.social.gouv.fr
      http:
        paths:
          - backend:
              service:
                name: guyane
                port:
                  name: http
            path: /
            pathType: Prefix
  tls:
    - hosts:
        - guyane-tumeplay.fabrique.social.gouv.fr
      secretName: guyane-crt
---
apiVersion: apps/v1
kind: Deployment
metadata:
  annotations:
    kapp.k14s.io/disable-default-ownership-label-rules: ''
    kapp.k14s.io/disable-default-label-scoping-rules: ''
    app.github.com/job: '5678'
    app.github.com/ref: refs/tags/v1.2.3
    app.github.com/repo: socialgouv/tumeplay
    app.github.com/run: '1234'
    app.github.com/sha: '0123456'
  labels:
    app: metropole
    application: tumeplay
    owner: tumeplay
    team: tumeplay
    component: nginx
  name: metropole
  namespace: tumeplay
spec:
  replicas: 1
  selector:
    matchLabels:
      app: metropole
  template:
    metadata:
      annotations:
        kapp.k14s.io/disable-default-ownership-label-rules: ''
        kapp.k14s.io/disable-default-label-scoping-rules: ''
        app.github.com/job: '5678'
        app.github.com/ref: refs/tags/v1.2.3
        app.github.com/repo: socialgouv/tumeplay
        app.github.com/run: '1234'
        app.github.com/sha: '0123456'
      labels:
        app: metropole
        application: tumeplay
        owner: tumeplay
        team: tumeplay
        component: nginx
    spec:
      containers:
        - image: ghcr.io/socialgouv/tumeplay/frontend-metropole:1.2.3
          livenessProbe:
            failureThreshold: 6
            httpGet:
              path: /index.html
              port: http
            initialDelaySeconds: 30
            periodSeconds: 5
            timeoutSeconds: 5
          name: metropole
          ports:
            - containerPort: 80
              name: http
          readinessProbe:
            failureThreshold: 15
            httpGet:
              path: /index.html
              port: http
            initialDelaySeconds: 0
            periodSeconds: 5
            successThreshold: 1
            timeoutSeconds: 1
          resources:
            limits:
              cpu: 500m
              memory: 128Mi
            requests:
              cpu: 5m
              memory: 32Mi
          startupProbe:
            failureThreshold: 12
            httpGet:
              path: /index.html
              port: http
            periodSeconds: 5
          env:
            - name: REACT_APP_API_URL
              value: https://backend-tumeplay.fabrique.social.gouv.fr
            - name: REACT_APP_ZONE
              value: metropole
            - name: REACT_APP_OTHER_ZONE_URL
              value: https://guyane-tumeplay.fabrique.social.gouv.fr
            - name: REACT_APP_MATOMO_ID
              value: '21'
---
apiVersion: v1
kind: Service
metadata:
  labels:
    app: metropole
    application: tumeplay
    owner: tumeplay
    team: tumeplay
  name: metropole
  annotations:
    kapp.k14s.io/disable-default-ownership-label-rules: ''
    kapp.k14s.io/disable-default-label-scoping-rules: ''
    app.github.com/job: '5678'
    app.github.com/ref: refs/tags/v1.2.3
    app.github.com/repo: socialgouv/tumeplay
    app.github.com/run: '1234'
    app.github.com/sha: '0123456'
  namespace: tumeplay
spec:
  ports:
    - name: http
      port: 80
      targetPort: 80
  selector:
    app: metropole
  type: ClusterIP
---
apiVersion: networking.k8s.io/v1
kind: Ingress
metadata:
  annotations:
    kubernetes.io/ingress.class: nginx
    certmanager.k8s.io/cluster-issuer: letsencrypt-prod
    kubernetes.io/tls-acme: 'true'
    kapp.k14s.io/disable-default-ownership-label-rules: ''
    kapp.k14s.io/disable-default-label-scoping-rules: ''
    app.github.com/job: '5678'
    app.github.com/ref: refs/tags/v1.2.3
    app.github.com/repo: socialgouv/tumeplay
    app.github.com/run: '1234'
    app.github.com/sha: '0123456'
  labels:
    app: metropole
    application: tumeplay
    owner: tumeplay
    team: tumeplay
  name: metropole
  namespace: tumeplay
spec:
  rules:
    - host: metropole-tumeplay.fabrique.social.gouv.fr
      http:
        paths:
          - backend:
              service:
                name: metropole
                port:
                  name: http
            path: /
            pathType: Prefix
  tls:
    - hosts:
        - metropole-tumeplay.fabrique.social.gouv.fr
      secretName: metropole-crt
---
apiVersion: bitnami.com/v1alpha1
kind: SealedSecret
metadata:
  annotations:
    app.github.com/job: '5678'
    app.github.com/ref: refs/tags/v1.2.3
    app.github.com/repo: socialgouv/tumeplay
    app.github.com/run: '1234'
    app.github.com/sha: '0123456'
  name: azure-pg-user
  namespace: tumeplay
  labels:
    application: tumeplay
    owner: tumeplay
    team: tumeplay
spec:
  encryptedData:
    DATABASE_URL: >-
      AgCi8X4JVOVcWfatjgEjO3Gvw6BP5N1A3T0lkcq9Tsp1wCvnmdiellXTVX33/PgYxgcLK6GoELsIFWZjFPYlP/qXl1BqYhUD2fw+6gn7ZQgI3Qu01UBQJU/BhCiJIgxAoQvrzmJlvm04rWw8hfGBOzYmR5AgZvG+t9B2YZh/vfBxOaVy8Dn6vs83wKBhhzWIWoJVSJZWKgdkP65yqNs9QmX1S2LAv6N2aCHel88zwTwOhsjHjSIlHDnlkdMeh7qwQRa3qztuS1srLP2Jx6CuUqc1TAZfgdLvhJRinLt6JlMZNB2mk7ytYLxruKwWS6DDUex+hpWP5QGSixF4R69w/0RJ9fFMVY70bUC10svqWT1HebVGuK6hQYB9N4MlvGgeYw7K1YR3R50J9TWzOlAtABDVG0S0ZgK3pKV7wU9eq2/KY3AQZxWG/bRqOs8hcXOX3vcL5iRVLxcTimWB8ykRial1M7swGERArp+Fej3yB7HRQ8I5kx+TfYr73H5sICVZ1U/s4QxnenFAntQ84cscZbjevutwBKKzYyj2nkljSDGmEWFBGSUCKrFN19CCazC8+LMoo73k+/H7lmB+V342ohOjwkz6sDJ7HdzoIlrX8QDiTBMdZ8EOuz02lKqCmn8WHbvxekLHkFDH63HjphwkjIAx+KV+cMzdzffi5BdgmUxPWBOif2iRhHWygy8erP1f+Pn8WAXeW6U4pdtlV66ZAMQ8badkkwTsKJ4slmv64Y7XgK5mfgX9hFY9hsEgTuTjVjpIIx2ItoWOfJd+pbAVGXpe001APeHbMj50rocFgyS5qQNt9D5DGGWGHqL6YtIQGLDKQbr1JYmfiDVaUHT1cmFoiO9DvhygShZV+Jbl4xvG1JQgLeFXT4SNXIYfoS00rVKagivJgNFgWmXMzSIJ6sOdzJWwbg/1bb03JPwp6w==
    DB_URI: >-
      AgA7VFZan89r2uyCBQsZtIiFkVif+29UlKKb6euIG4eCVGx5emUZlPAUsnEGTaCOBXQOqGqbb3LzdJ+hk7Oqg75zeKw1kvkzFyc+f0YArYh0s9T4iEOJ1pauiTACvNk9Zu/OpR+OPX/evABcfERaJ1JwnXojNDGih7cD0F23IrJJ2zEGcAEvJrh9viFG/0zy7ggUSDBXrz2fqQnIWzUzIa5kbvrqifqzJgksawKP0gyJ52xbvWcu0p38M1jAx3Gd6ti5v5Z8vFVwCMvCfLh4PMT/JIcTGXBYR7SdiI691i4S2manziCibZfjznfZFmJNyi0lm35deeT18D/kRHYoz+Go5phjQF/dEXT8tsQQE5GO5C5ynPas8PJbF7xPwZuWKnHHgBUK7d+H93p5FoDyA8J2Xcm9tTbl58MnAE66J1n6Sx8n3OP6XIX5MYAAF7j7AeIv/34FU+igZUqtDK51PJOfMuX+t5ybxT0LYUTo1VBfhwOZ+kn15+2SqxKI3GxxPSs8wXtmwIVzFKSo75pNAh1Td+FGx0KuvdWZl8xabV+dXIZkN/7Q4QwiNuddTqPzo6m1Gq3av3cAG064bfbsaEadJBp8a9XF0iBSUSQi04jp6zCqpBVkNdhqg+jdVsroaHWz64pA7osDfhsgTY3caUUs3fdY64uuJ4CZzILFpEf6WxzWhaTDOZUqKgW7MqYxwtwBhTbqAvTqfYDNcg5gn7V0epif3M1bTwrt12G60fBM3mftEpLaD0arB5QAgDOgJ+VGeDl/tavffupuOu3jjIzzJ/P+JRkI/15Egsw40O+/muKe7Y+iQmE61m8bseOzvtWxpWiOwqdi5xpVJIEofAVp9Eih1odUwlgLGRRJyxhs1tSgMiJduTanCKIcdLs8rZ2AcElkumM7WI0XRfy9kOiUpSdIS31+31va6eNsLA==
    HASURA_GRAPHQL_DATABASE_URL: >-
      AgB92zkrBf2fhgiEFVu8BoxPyfP/6BZdb/ROzIeQBOtO33ecQEV91jusVLyGgAEEXPv2BRLZs+aRfBO/NWwxxisckl8GYMywMoqQzixCaFZNIk9FNF6y23kvl4p6zlKzi/K99FwupJixpT2xeaxfKfpoAYFVce70zVD5E4PZwushKAAzJNUxsEHkWt9Pb8U/6omilToEcEbuyWlG6CGeF/feyLDXujA1LVshHhlvmmcpETzk+WvJ4uHZL8QnFuL1sTasSGu4JFVfxrDUj8uDvuzim/wRBvwGtVyJX/d0x++Bbqta5JwGTwlsUzdM6nyrooMWIc5rr7VvKeL1othb1x8zdayV73zFDwCONqwhq9RsAaQcCRV1w8eWZqCphHjLXDAQ25djRTXkGy2TW2AkhIKBFSCpQHTrOjlHnsaiMK3v/gKYeuA0RjLXP3I2beXIOt2hRFGqFoC4/B4Ncuz7hbhusrnRvT54O9SBMkDVU2X2XitioBvRIkfzspcfIIp7mUe0oM2csAUnvYLaWbB/YzDy6DRt3BCSSy+MoYWMq5jjPJJmAvE+f8qpoEoi301b3vGqGqzplk1EAbnb49QzfHO13IC2gsBEomxcVZsq+jpkFgSfLxcGDZIaZl0g0Xpqu5KkOtFvt9fzst7fFFYDzt9hUGTtkUttH3YivRlF5ff5VMshhsy4/Uuq6Pc84GVEyTxEtZOs2xiClFr/PhCGwmFnKhxWLJPgSDKyBGjjOi9ABM/F2gH5UBC5oNu08vWn9vFLCIv4vJT+5dq6GKWv4v2EMmv6fC1b6pZZEvcWaumMGSjEmZtJ1T/x6SEGjL7b5lKdEOaxFh38//uocGRfFM5h8sTKq58J0yS4XBNx2t1caD7yutPnfZA7juW78saN7Zt0f8YvPMbroTYvBpuerrCcjuMl4spDHtlwA/Gd0g==
    PGDATABASE: >-
      AgAw66Vwt+dV/b8mzeF45YLbJnKV9QyjFr6w9cv9o4/VgbciDwbCC4fp57RxDPeEvDF4FDWxOriO1Ayf6e+MGvdmJnghqpxJFxs3ZMUIprQbkVR8CUFmgcMFBj4ATT8Wn+cT7jiP/ygvVZfZvQBxYxwXzH5XvvNnICKw61uTvx5qow4WOsRSVc6fqLt2JJVow4XnKEzhqAtt2YN+oNJSfKQi4b2C+kgyV10fXnhZ+Gng4tsgnLAd3pwJyhrLQlwdiFeKTF1MdqPRWZQbA0QdAxXKepjsTdoIR3dX5oxdC0Ky0nPD68MgyrZh7Xesq6rJYKAJIRO9WptBABiWSRTYvu3ilTVEfX/UY3/figtYrI3X5JFcQzjkRZuksuXsLYX+d5vH/vAO4i1B4WctiJvDmPl6P+7LmWOvqJZJQm3an86vySwB5uWWEb4rBPeGbMJEQmylHpnamgS+4TU+REC18XCmTjifBTe/AtGyzZP83U3y5iCm4p0yHeDWYyxYJW76OTudCBf6KIO75i+BE+pG3pUHa3MTkv3w1fOq0py0bDMknjfkWf6Nw8yFfFZJP0M9WSY5SxJ793ZIultoriqH+S3QH01qf71uZgLtQLyvySRFnt0sOCQTjXuCZSgZXNKEEolnGp/prmwmGlD19J8QJ5CgV0teQRIultSGJdhoOJ1hiHnIe7TemAXUfZLUa/EZL/KG//l6/A==
    PGHOST: >-
      AgATF8DE/4h9ORmneX85U2Lb053pW6yqiW1+2AJkoJuqTrshWfASevt83LZE0/naKiqYZ2Ioq4fcNLkQ6I3EuZhwl6Ym/vcFZR+YR5hAjiYtlsq5ZHy1bJUD/eGDVEVj7si1PLuL3yse+EZfWTDGAMUIXBNzRGrIKV+0HHnCMODGZxtbbCozMCq9G/dhgKkykEE5w8PgPUqmEn3iLUbuJQvtWXadcYErLusXj/Z6wLQcPq11aXwu9p04iTDXFfN9PYEE45kBh6EmZ+RhQ1IkAwWr/Ukbvr4NV+f22ekcQSROe+U3RNT6chRR3cwNw4gnrW1PyaDNhj/6RuqfEzroabO1jszBKbOTdzaBLPdBICET0PjHeufW8hxRjqNHH0hu2cR36marY+/PPEib7YI8Cb0WD/0E0cMhnerDqNbvAhAhDqlOt59/JuTwh3tGIOxPWrZ462+N4Z3oLVObmQjZlerIlv56ykIX7yHsVAcNZ0BiDwh4B4davpM3lBbqjEQd20FGbHi7ANtpj9eXU9H36ywX7TyOgIAsoJGex+AlG97/cIWL7ZMgTtNcE0cge2dkNL+huG5GukbzaV/IdVV4FKiIbKxQKJRN0ZcchpnQ0nLua/5grXlZEv3K5C4IJe+6lqZCraftA6kd+4PBoPPhDHil9a0/IthoMmwRWhU0Kcb/u5cfqsM+tt/mnggE5uAZc2SpIhKLZPoAaESKWv5fjVIbW1t+bVXanHkMt98B7EhqzU4Z3YQVPOt1nEdn8VfP
    PGPASSWORD: >-
      AgA/Xh4Byq9KJz6bziV314Babwz6AaUm1b9Y3musUSsU5kTIExJstrJvErEUI4Zm2Lzlwmn9+AxGcQXDm9u0VlmNtb9mEPgbK9IbOw77n6C9W4pBz6bZ2c1V5o+ODFLUEn/3KVHXYKiaeVF+1zbnEsHozuBrFyzlEURFD/Cf3veLXvDIgCvWnzaQBB2Vr6QhctfTjdLqS0oY2O3LfKzdhfTOYXute3nZL24v4C2eqlvse4j7ol5PmSPbqTblxbUw2XhlFsVO9ppMTh9CfmoOeyTcHPxeNMYM8wuWBDA88NEn/eE9c52TVQHxcop4dmBGYyr4yw8J1uE0jl13rQGI0QUVL2Os0QuU8ywtNXpDUCJyaQuWiFVuZYYnW8fMP4yYYtEQV0V6/y+sEH0RlvwamZbwkz1WQjfFL19n4vpLFTK9rlyknAcmtANpaMF6klbWaswtzAwbCPwisx/B0v21n91I3ORda+iZ3E/B+k1FQ6QARIC1upOAec1ird1MK7WlVPgensWtcLVYtzdhteJfkdzxzdcrwZiX8bKaSis8YZorz/qys8D07gq3O44T6cF2S1aAbHInriTrNw4HBxaR4+3aBb8CF1ZFvn3HbHx0Cty0IsD1+LoaPIfE/m2lDmXNsg38JRAty9qMLO/OKLRrF7vYY22soK2v3xn/axMZdGIFi6CB5nYdjaYE3OC0in4pASltaupuaCqdvg5Fpu1Kns3pBoIYHBo81OuECOh1NML3G2RPwjI=
    PGRST_DB_URI: >-
      AgALAo7b2FC2ybSdDzIr4dWvhmnTgf6OxO/fWL7gvaQNi/OR+ol3tXxZ9T8UPRv8uZUug+KNwZ0MlQBOE3qmGLishae4nAeXLWbUJe3f5W2y0fgaPQDEylwGL+BogayGLygLinykLRSB8M5css+6RwuCijtqD6lJTo/3vmszoPaVT7LgUJ9lT70tRsi8LAfx5VNTho2LgqQu1UK3gmKoeJAz6pAE5vs2RuSqm9KJeUVHg2Y0nKKXd5rDb6d8zQfYhPE9GSgc/92hExN5h32HCxluXqeoSW2HFHYuZKenzL3jbkebvSFPOUJh/WDEk8ka+FfLmxk47584kwPxP/LycbyWyeWhsm65Vsd0d2x6KtEJbFrcoEc/xr7L/PZR1pc5Enr6ZwNwy1soSVoidX/TnjQel7tJIXcxYWlHjO6t2mDum+oxPrkGnyLji2+A0ktCZI1bGWpYSTOKdfmwUgiSluDM6AiuFgmtVnZNgmGwoVx0U8Qr00YqmhgLql3UC7+TZYcAg1iiKnkvh3F35g6GY+Ot4WpboQSut3AMPtawau3NcUyqvNOswhiDbMqTUdX1aUxgwImf64cZJBE+1pbp8IXzniUoRrNJseIIZEFzDytZnqD+uKJCd7vf4sy+Sqtn6tBVDDUJDobEAbJc+jH/EWEZMEvbCsufqFVK8N/Ybl7FIEBdQnPfp2dwAQLGbvwTnjQ/5poHDlXU1MKAKpWgcm+ba7Uli7EOm0c/V38wTfBGMhrOrPvgFCEePrXiOsqXWg+XVqBggj5z42DWmUCw5vDuTLXlSj7G1+ewfqIJt2PJgvY7A4G6Wjw+FtXm2LvbkF8EoJ+zl/zAHUV1prF5TO+4MBspKnFegoYjb0vMa1ZXVWkez/SSHFt1LwbtUmZSKBCWsEYsC0suJPsgUlx1C+R5fQ+4i2YHEwk54Qtdqg==
    PGSSLMODE: >-
      AgCUMXqXMUjF87Tixq0Y1Dzbct2YjXL5a05DqYj2ptQXUocollLUwYElFmj+uqaantgDQVBwIOAVmQjFDAtDLFJNsGMpnpIAK5o8D1gFerYAwDIOu/80SXxLtiTrOOsIDOUrJzrcNU70+/UzLBT99+ATe7jq3qNVxDolknKQyGinym896cvpN6vLdtXUDNHWigi3cwijSsByH7uPNMTmQO0RrMUipy2bkYe+kQMi6gNcNNwlBIQXiz4tsEJae9D6gYC3ZiQ8+tJuQZ5kZgqb+yzsT+uYdf+t/DPvsd+Pfo4N97lbEqE5pc+mX6Ekc5YPeaXuw5V+GctyjMKB/AJKfK/DYxV8ut1Ory4K7vDHgMCCZRe6b8ojdF6KNRBocZL2xXDZE1OVa5un5WMJlUg2xtSrkPt6j7jbnEYY3Fu0YaDaU+ODwrmEskPNfTLbibGQRSAvfvHDwx5rWNUAXpaO22Ym7bjTDAwmY7mRFlAA745NJIAzqEdGhnhWCQUN2/VPRgBHUmrWCKOKCfI/6LBSn3V3qNxoV1OeRuV9WKafHcR9Wkd9BGrHIjkRWgBfFYniXTb2R1Z30aezLFDlPq4yBg5IiRURmZ1bQx7xfaQogcRxzkqB/BiGuqYLx/59jJ+Zti0jQPlSlaW7uy6GogN+gYwHslIJT9pa0AGbBuPAmfawkoYhC645pSpu9i8uyxdWzwFB7XbXqIha
    PGUSER: >-
      AgBGZjX7qRAnzPawm5aGSC/OWaibLsqZRyAUkv9ytFDgbTKcosY2mZqFCPQ+lsFuLc1QJJgA/XbcbZR3Dw7O4IMtzOP54vMqcimbfhVTyc6ESzznMYjcaZ2pON2BAJuWEwRf4BTVh71C8+2pnGwUUiNG+LCb6Wuoo8EYG3FlEUB31yaHCGEHP9hX11V6KEQrZZhsTCP0/xUyamUuX6lwyipnrs1zIcTmQqbmzXUOGZEOwLl0NyCnuECAQdbngdUQS6RNEnwt0gmSjJOK7QK3pBQvKl1/mMjTHZzY/zfJlBKIzB0oWJpRiqcfcMXv5SEY8zX/WAZA4wtUBd31m6OfRAUR7dNXFS1rCZsgAapGCYEChwUEPT5k//87VqBtxSdZm6NA4MMR1c6I+krzvujnrlFDgrMeoojcSv+OXCoAnOejQZhDdtTtTmBwDYO+hcRta3ySc9m9mCMDOjCxQucvbHmjhv0LpJ5n0XA4og9fAXlItV+hea0MH22fnmpulFmJdezPQWF9Xs8DoAzrVeg0lcnyn/v6z7vakv4ueJZC0W746C2bawtDpwfNlFjjYwsMOl6FSxt6CZqBqGZvKbA/EZOKV/J4/y+hwV1unTBvjJSWddNLNiXXTv59ZjCq0Oc4P8tRtQZqLbLy/KwuSTNohDN5RZDQ6qDykw/f9fPWaGJdVKmI4x3TQdUb8UAqnP/DIYqSBYgUi+5L6UuoNjHffqUhs00QSecPBua04qmDd3LwprqudVd0j/rCSDrsR3uNHJlaNkzN
  template:
    metadata:
      annotations:
        app.github.com/job: '5678'
        app.github.com/ref: refs/tags/v1.2.3
        app.github.com/repo: socialgouv/tumeplay
        app.github.com/run: '1234'
        app.github.com/sha: '0123456'
      name: azure-pg-user
      labels:
        application: tumeplay
        owner: tumeplay
        team: tumeplay
    type: Opaque
---
apiVersion: extensions/v1beta1
kind: Ingress
metadata:
  annotations:
    kubernetes.io/ingress.class: nginx
    nginx.ingress.kubernetes.io/permanent-redirect: https://metropole-tumeplay.fabrique.social.gouv.fr$request_uri
    cert-manager.io/cluster-issuer: letsencrypt-prod
    kubernetes.io/tls-acme: 'true'
    app.github.com/job: '5678'
    app.github.com/ref: refs/tags/v1.2.3
    app.github.com/repo: socialgouv/tumeplay
    app.github.com/run: '1234'
    app.github.com/sha: '0123456'
  labels:
    app.kubernetes.io/component: redirect
    app.kubernetes.io/name: metropole-tumeplay
    application: tumeplay
    owner: tumeplay
    team: tumeplay
  name: metropole-tumeplay-redirect
  namespace: tumeplay
spec:
  rules:
    - host: tumeplay.fabrique.social.gouv.fr
  tls:
    - hosts:
        - tumeplay.fabrique.social.gouv.fr
      secretName: metropole-tumeplay-redirect
---
apiVersion: extensions/v1beta1
kind: Ingress
metadata:
  annotations:
    kubernetes.io/ingress.class: nginx
    nginx.ingress.kubernetes.io/permanent-redirect: https://guyane-tumeplay.fabrique.social.gouv.fr$request_uri
    cert-manager.io/cluster-issuer: letsencrypt-prod
    kubernetes.io/tls-acme: 'true'
    app.github.com/job: '5678'
    app.github.com/ref: refs/tags/v1.2.3
    app.github.com/repo: socialgouv/tumeplay
    app.github.com/run: '1234'
    app.github.com/sha: '0123456'
  labels:
    app.kubernetes.io/component: redirect
    app.kubernetes.io/name: guyane-tumeplay
    application: tumeplay
    owner: tumeplay
    team: tumeplay
  name: guyane-tumeplay-redirect
  namespace: tumeplay
spec:
  rules:
    - host: guyane.tumeplay.fabrique.social.gouv.fr
  tls:
    - hosts:
        - guyane.tumeplay.fabrique.social.gouv.fr
      secretName: guyane-tumeplay-redirect
"
`;
